Copyright 1986-2022 Xilinx, Inc. All Rights Reserved.
------------------------------------------------------------------------------------
| Tool Version : Vivado v.2022.1 (win64) Build 3526262 Mon Apr 18 15:48:16 MDT 2022
| Date         : Tue Nov  8 20:25:12 2022
| Host         : DESKTOP-16RNICG running 64-bit major release  (build 9200)
| Command      : report_control_sets -verbose -file lab6_control_sets_placed.rpt
| Design       : lab6
| Device       : xc7a35ti
------------------------------------------------------------------------------------

Control Set Information

Table of Contents
-----------------
1. Summary
2. Histogram
3. Flip-Flop Distribution
4. Detailed Control Set Information

1. Summary
----------

+----------------------------------------------------------+-------+
|                          Status                          | Count |
+----------------------------------------------------------+-------+
| Total control sets                                       |    17 |
|    Minimum number of control sets                        |    17 |
|    Addition due to synthesis replication                 |     0 |
|    Addition due to physical synthesis replication        |     0 |
| Unused register locations in slices containing registers |    63 |
+----------------------------------------------------------+-------+
* Control sets can be merged at opt_design using control_set_merge or merge_equivalent_drivers
** Run report_qor_suggestions for automated merging and remapping suggestions


2. Histogram
------------

+--------------------+-------+
|       Fanout       | Count |
+--------------------+-------+
| Total control sets |    17 |
| >= 0 to < 4        |     2 |
| >= 4 to < 6        |     1 |
| >= 6 to < 8        |     2 |
| >= 8 to < 10       |     3 |
| >= 10 to < 12      |     2 |
| >= 12 to < 14      |     2 |
| >= 14 to < 16      |     0 |
| >= 16              |     5 |
+--------------------+-------+
* Control sets can be remapped at either synth_design or opt_design


3. Flip-Flop Distribution
-------------------------

+--------------+-----------------------+------------------------+-----------------+--------------+
| Clock Enable | Synchronous Set/Reset | Asynchronous Set/Reset | Total Registers | Total Slices |
+--------------+-----------------------+------------------------+-----------------+--------------+
| No           | No                    | No                     |              17 |            8 |
| No           | No                    | Yes                    |               0 |            0 |
| No           | Yes                   | No                     |              79 |           38 |
| Yes          | No                    | No                     |              37 |           15 |
| Yes          | No                    | Yes                    |               0 |            0 |
| Yes          | Yes                   | No                     |              44 |           14 |
+--------------+-----------------------+------------------------+-----------------+--------------+


4. Detailed Control Set Information
-----------------------------------

+----------------+-----------------------------------+---------------------------------+------------------+----------------+--------------+
|  Clock Signal  |           Enable Signal           |         Set/Reset Signal        | Slice Load Count | Bel Load Count | Bels / Slice |
+----------------+-----------------------------------+---------------------------------+------------------+----------------+--------------+
|  clk_IBUF_BUFG | uart/tx_out_i_1_n_0               |                                 |                1 |              1 |         1.00 |
|  clk_IBUF_BUFG | reset_n_IBUF                      |                                 |                1 |              1 |         1.00 |
|  clk_IBUF_BUFG | uart/rx_bits_remaining[3]_i_1_n_0 |                                 |                1 |              4 |         4.00 |
|  clk_IBUF_BUFG |                                   | uart/rx_countdown[5]_i_1_n_0    |                2 |              6 |         3.00 |
|  clk_IBUF_BUFG |                                   | uart/tx_clk_divider[10]_i_1_n_0 |                3 |              6 |         2.00 |
|  clk_IBUF_BUFG |                                   | uart/recv_state_reg[0]_0        |                3 |              8 |         2.67 |
|  clk_IBUF_BUFG | uart/rx_data[7]_i_1_n_0           |                                 |                2 |              8 |         4.00 |
|  clk_IBUF_BUFG |                                   | uart/tx_clk_divider[6]_i_1_n_0  |                3 |              9 |         3.00 |
|  clk_IBUF_BUFG |                                   | uart/rx_clk_divider[10]_i_1_n_0 |                4 |             11 |         2.75 |
|  clk_IBUF_BUFG | uart/tx_bits_remaining            |                                 |                3 |             11 |         3.67 |
|  clk_IBUF_BUFG | data[100][6]_i_1_n_0              |                                 |                7 |             12 |         1.71 |
|  clk_IBUF_BUFG | data[100][6]_i_1_n_0              | rst0                            |                3 |             12 |         4.00 |
|  clk_IBUF_BUFG | uart/E[0]                         | num2_reg[15]_i_1_n_0            |                6 |             16 |         2.67 |
|  clk_IBUF_BUFG | uart/read_first_reg[0]            | num2_reg[15]_i_1_n_0            |                5 |             16 |         3.20 |
|  clk_IBUF_BUFG |                                   |                                 |                8 |             17 |         2.12 |
|  clk_IBUF_BUFG |                                   | init_counter                    |                5 |             18 |         3.60 |
|  clk_IBUF_BUFG |                                   | rst0                            |               18 |             21 |         1.17 |
+----------------+-----------------------------------+---------------------------------+------------------+----------------+--------------+


